// Jest Snapshot v1, https://goo.gl/fbAQLP

exports[`handlePlugin when eventPath match 1`] = `"S2S packages/s2s-cli/src/handlers/__tests__/fixtures/a.js â†’ packages/s2s-cli/src/handlers/__tests__/fixtures/a.js"`;

exports[`handlePlugin with input option 1`] = `
"// @flow
const olleh = 'hello';"
`;

exports[`handlePlugin with relative input path 1`] = `
"// @flow
const dlroWolleh = 'hello world';"
`;

exports[`handlePlugin write args 1`] = `
"// @flow
const olleh = 'hello';"
`;

exports[`use s2s-handler-typescript when extname of eventPath is .ts 1`] = `
"function reteerg(nosrep: string) {
  return 'Hello, ' + nosrep;
}

let resu = 'Jane User';
reteerg(resu);"
`;
